18:28:39 **** Incremental Build of configuration Debug for project GuitarTuner ****
make -j12 all 
arm-none-eabi-gcc "../Core/Src/main.c" -mcpu=cortex-m4 -std=gnu11 -g3 -DDEBUG -DUSE_HAL_DRIVER -DSTM32F303xE -c -I../Core/Inc -I../Drivers/STM32F3xx_HAL_Driver/Inc -I../Drivers/STM32F3xx_HAL_Driver/Inc/Legacy -I../Drivers/CMSIS/Device/ST/STM32F3xx/Include -I../Drivers/CMSIS/Include -I../Middlewares/Third_Party/FreeRTOS/Source/include -I../Middlewares/Third_Party/FreeRTOS/Source/CMSIS_RTOS_V2 -I../Middlewares/Third_Party/FreeRTOS/Source/portable/GCC/ARM_CM4F -O0 -ffunction-sections -fdata-sections -Wall -fstack-usage -fcyclomatic-complexity -MMD -MP -MF"Core/Src/main.d" -MT"Core/Src/main.o" --specs=nano.specs -mfpu=fpv4-sp-d16 -mfloat-abi=hard -mthumb -o "Core/Src/main.o"
arm-none-eabi-gcc -o "GuitarTuner.elf" @"objects.list"   -mcpu=cortex-m4 -T"C:\Users\frmen\Documents\GitHub\GuitarTuner\GuitarTuner\STM32F303RETX_FLASH.ld" --specs=nosys.specs -Wl,-Map="GuitarTuner.map" -Wl,--gc-sections -static --specs=nano.specs -mfpu=fpv4-sp-d16 -mfloat-abi=hard -mthumb -Wl,--start-group -lc -lm -Wl,--end-group
Finished building target: GuitarTuner.elf
 
arm-none-eabi-size  GuitarTuner.elf 
arm-none-eabi-objdump -h -S GuitarTuner.elf  > "GuitarTuner.list"
   text	   data	    bss	    dec	    hex	filename
  32296	     96	  21320	  53712	   d1d0	GuitarTuner.elf
Finished building: default.size.stdout
 
Finished building: GuitarTuner.list
 
18:28:43 **** Incremental Build of configuration Debug for project GuitarTuner ****
make -j12 all 
arm-none-eabi-size  GuitarTuner.elf 
   text	   data	    bss	    dec	    hex	filename
  32296	     96	  21320	  53712	   d1d0	GuitarTuner.elf
Finished building: default.size.stdout
 
